// Jest Snapshot v1, https://goo.gl/fbAQLP

exports[`renders Signin component 1`] = `<DocumentFragment />`;
